>>> for i in val_answers:
...     if i["answer_type"] == "number" :
...             k.append(i["multiple_choice_answer"])
... 
>>> k2 = set(k)
>>> k2
set([u'4022', u'taller than elephants', u'16 and 8', u'e water', u'167', u'i went to wishing well it sank to ocean floor', u'340', u'$1,000,000', u'170208', u'e464.417', u'7:46', u'7:45', u'7:44', u'7:41', u'very old', u'12:55 pm', u'296', u'297', u'294', u'290', u'27"', u"can't see", u'271', u'pier 30', u'279', u'no elephant', u'5 ft', u'7889', u'new', u'10+', u'herd', u'108', u'of 3592', u'103', u'100', u'101', u'106', u'104', u'30-36', u'2 toilets', u'6:28', u'11:55', u'75 cents', u'1 pound', u'485829', u'8231', u'9a', u'mzg 680', u'90007', u'5111', u'6:27', u'20:30', u"50's", u'11:59', u'343', u'99', u'98', u'13\'2"', u'warm', u'91', u'90', u'93', u'92', u'94', u'97', u'96', u'9-1', u'1990', u'1995', u'1994', u'3201', u'1996', u'1998', u'1/2 mile', u'2.81', u'554', u'22 10', u'sj 87', u'551', u'550', u'553', u'104 street & broadway', u'4 feet', u'8 2', u'6 inches', u'5 seconds', u'very', u'hot', u'8:05', u'20 km/h', u'66619', u'1 foot', u'516', u'718-721-4711', u'2 to 1', u'2 inches', u'1223', u'8014', u'2:08', u'4 inches', u'72 st', u'2:00', u'2:02', u'more than 10', u'2:04', u'2:05', u'407', u'405', u'3:18', u'3:19', u'401', u'400', u'3:14', u'3:15', u'3:17', u'3:10', u'3:12', u'5 to 3', u'8 hours 40 minutes', u'1 in back', u'10%', u'5000 feet', u'10 hours', u'10 lbs', u'1.00', u'one is cut', u'1.09', u'370', u'1 2 3 4 5 6 7 8 9 0', u'375', u'10 cm', u'66.66%', u'75 feet', u'taller than person', u'8 hours and 15 min', u'5000000', u'3 and 5', u'24"', u"20's", u'7 pm', u'240', u'13 hours', u'w 12 st', u'1/02/2011', u'416-0607', u'3.99', u'6 hours', u'od 6384', u'174', u'173', u'172', u'4829', u'4534', u'323-377-1521', u'ton', u'september 20, 2011', u'nc 0408 wg', u'9339', u'11/23/99', u'penn 2', u'14:55', u'1972', u'5.00', u'.25', u'67029', u'5199', u'1960', u'2.96', u'2 men and 2 women', u'7069', u'3 for 10', u'1760', u'15 inch', u'open 24 hours', u'47200', u'7 minutes', u'mon wed fri', u'698', u'1548', u'540', u'546', u'11', u'185 131', u'4.00', u'10', u'6400', u'3 in back', u'15', u'11:28', u'2:19', u'2:18', u'17', u'2:12', u'2:10', u'2:17', u'6563', u'267 fkg', u'413', u'3:05', u'3:02', u'3:00', u'38b', u'0:44', u'7.5 hours', u'00', u'lots', u'08', u'5 miles', u'32678', u'381', u'hundreds', u'seminary row, broadway, w 122 st', u'right one', u'1 cup', u'2 way', u'pwl 413', u'252', u'250', u'251', u'256', u'2200', u'12 tall', u'3.81', u'not visible', u'14 to 15', u'no brown boxes', u'15 feet', u'43036', u'24 inches', u'not sure', u'500 pounds', u'license number', u'169', u'164', u'165', u'100 years', u'3 feet', u'160', u'161', u'4520', u'6195', u'about 100', u'2515', u'9434', u'57304', u'070', u'22 6 2013', u'3531', u'5052', u'80-7293', u'several', u"70's", u'left one', u'4 years', u'1600', u'1975', u'you 551', u'800', u'left', u'12:35', u'50 feet', u'12:34', u'this one', u'yes', u'86430', u'yamaha', u'450115', u'2 hour parking', u'1551', u'34402', u'6:04', u'6:05', u'6:06', u'6:00', u'12:30', u'12:32', u'03/11/2010', u'59', u'58', u'55', u'54', u'57', u'56', u'51', u'50', u'53', u'52', u'536', u'535', u'night', u'5%', u'5$', u'right', u'4.15', u'40 cm', u'people', u'2:26', u'2:27', u'2:25', u'2:22', u'2:20', u'9990', u'2:28', u'10 years', u'3:32', u'420', u'3:30', u'425', u'427', u'3815', u'3456', u'4 and 5', u'800 pounds', u'1234567890', u'afternoon', u'150101', u'1 slice', u'old', u'unanswerable', u'2008/12/07', u'5867', u'goody two shoes', u'medium', u'broccoli 1.50 pound', u'$200', u'00 6384', u'225', u'223', u'galaxy s ii suomeen', u'2218', u'bigger one', u'7:10', u'7:12', u'7:13', u'7:15', u'7:16', u'6694', u'151', u'3.55', u'153', u'3.50', u'156', u'2436', u'69 cents', u'60 mph', u'6.95', u'7 stories', u'9 & 3', u'56062', u'17191', u'2723', u'7230', u'1 dollar', u'1800', u'12 hours', u'6230', u'112690', u'no arch', u'not far', u'mile', u'gs 1311', u'long time', u'21st', u'e 92 st and bayview pl', u'no idea', u'1940', u'06/07/2005', u'06/07/2007', u'06/07/2006', u'0', u'811', u'7 hours', u'20 days', u'30 5', u'3333', u'9-5', u'w 28th', u'l.92', u'nov 22', u'1:10', u'6 hours 40 minutes', u'20 ft', u'8601', u'1126', u'15923', u'11:45', u'11:44', u'ott 98', u'11:43', u'6:18', u'6:17', u'12:27', u'15104', u'12:25', u'6:12', u'12:20', u'6:10', u'1100r', u'540425', u'3025', u'525', u'527', u'158832', u'1011', u'1234', u'66428', u'66423', u'v', u'5 foot', u'66424', u'2:30', u'2:32', u'2:35', u'2:37', u'2:36', u'2:39', u'3:25', u'3:24', u'3:27', u'3:20', u'3:22', u'3:29', u'3:28', u'8am-10pm', u'438', u'432', u'off 267', u'14.99', u'6:52', u'3804', u'15.06.2013', u'carat 2015', u'8467', u'middle 1', u'558', u'30 mph', u'5708', u'5709', u'10:15', u'10:14', u'10:17', u'5700', u'10:10', u'1,2,3,4,5,6,7,8,9,0', u'10:12', u'2 on right', u'22 3/4', u'47 804', u'3:1', u'studio 11', u'april 1929', u'20 mph', u'1980s', u'239', u'234', u'230', u'6-10', u'winter', u'1', u'7:00', u'7:05', u'10.99', u'2 ft', u'5:22 pm', u'$100', u'140', u'141', u'49 cents', u'8:29 pm', u'148', u'149', u'2011/08/13', u'135-013', u'few feet', u'2084', u'85470', u'2 men 1 woman', u'tall', u'2 years', u'3 hours', u'midnight', u'years', u'cold', u'8988', u'1830', u'1837', u"2800's", u'100,000', u'1955', u'121034', u'1957', u'1950', u'1953', u'16:25', u'8875', u'37425', u'325016', u'828', u'13 years', u'71407', u'9018', u'5493', u'200 feet', u'2 planes', u"1970's", u'april 7', u'50 each', u'11:54', u'12:18', u'11:53', u'11:50', u'12:13', u'12:12', u'6:20', u'12:10', u'12:17', u'922', u'12:15', u'6:25', u'7148', u'2am to 6am', u'510', u'1000', u'623', u'8500', u'621', u'8505', u'4 ft', u'1 1 2009', u'fast', u'165120', u'30 feet', u'2 bunches', u'3:50', u'3:53', u'3:55', u'3:59', u'all of them', u'2', u'4 to 5', u'300 pounds', u'30 seconds', u'$15', u'13', u'12', u'$10', u'14', u'10:08', u'16', u'19', u'18', u'10:05', u'10:00', u'176 and 171', u'14 st-6 av', u'3902', u'10 years old', u'1:41', u'11:30 pm', u'19.12.2007', u'710 feet', u'4 pm', u'1000000', u'50 027', u'5 bunches', u'phillips 66', u'201', u'200', u'202', u'50 mph', u'207', u'208', u'12 feet', u'3 way', u'$300 lb, $200 lb', u'zone 3', u'50 minutes', u'1 is longer', u'7:35', u'7:33', u'7:30', u'14 years', u'infant', u'2 vs 1', u'my best guess is 60', u'slow', u'2523', u'3', u'6:55', u"1950's", u'8 hours', u'1 hour', u'5 minutes', u'1828', u'9 hours', u'12:47', u'921', u'189brx', u'20 26', u'5 years', u'4 ounces week', u'number 7 train', u'45982', u'.69', u'1920', u'153304', u'3279', u'8:43', u'8:40', u'8:41', u'8:45', u'8:48', u'16 inch', u'2 laptops are turned on', u'5:30', u'not many', u'july 16, 2013', u'1 story', u'5:35', u'785', u'786', u'787', u'1:38', u'781', u'782', u'1:34', u'many', u'1:36', u'1:30', u'1:31', u'1:33', u'4:25', u'4:20', u'6:35', u'12:05', u'6:37', u'2:03', u'12:00', u'6:30', u"6'", u'6:39', u'6:38', u'60', u'61', u'6 ounces', u'64', u'3000', u'66', u'67', u'68', u'69', u'2 ways', u'47804', u'47805', u'1038', u'508', u'509', u'504', u'500', u'630', u'631', u'1210', u'30000', u'take off', u'early 1900s', u'1641', u'86609', u'3:40', u'3:45', u'3:44', u'3:48', u'378222', u'1100', u'1:35', u'66207', u'middle', u'may 11, 2008', u'6418', u'7577', u'10:33', u'10:32', u'10:30', u'10:37', u'10:35', u'5:50', u'5:54', u'5:55', u'130354', u'958', u'42 inch', u'00:38', u'one in front', u'no', u'w 4 st', u'216', u'summer', u'215', u'213', u'0230', u'6"', u'12:07', u'19:45', u'12:03', u'92015', u'9:35', u'9:30', u'4', u'7:21', u'7:20', u'7:23', u'7:22', u'10 and 30', u'7:27', u'3.69', u'10 ft', u'3.65', u'12:08', u'1:2', u'2.75', u'1:5', u'3642', u'front 1', u'65', u'goldilocks', u'503-222-9999', u'3 stories', u'8 and 8', u'14:00', u'noon', u'1853', u'route 66', u'4 fruit 2 vegetable', u'pj 2009', u'915', u'914', u'911', u'1939', u'20101', u'61 mph', u'53844', u'8:58', u'8:55', u'8:57', u'8:56', u'8:50', u'8:53', u'10/25/2011', u'6 to 1', u'7017', u'old harley davidson', u'17:35', u'may 26, 2007', u'1:25', u'1:22', u'1:20', u'4:35', u'4:32', u'lot', u'fox 5', u'6:40', u'101.5', u'750', u'3 18:32', u'6:45', u'vote nader & laduke in 2000', u'10,000 feet', u'1590', u'75%', u'june 29, 2013', u"i'm too sexy for my tie", u'ma 94 27', u'100 mph', u'606', u'601', u'600', u'602', u'3 seconds', u'deep', u'47580', u'stop and one way', u'5', u'2004', u'kl 05 x 4493', u'10:25', u'10:20', u'0:26', u'484', u'10:28', u'480', u'5:45', u'5:46', u'5:40', u'5:42', u'40 inches', u'66104', u'10 hours 10 minutes', u'all', u'9/10', u'5 and 8', u'2 hour', u'3925', u'16.06.2013 08:29', u'200 n', u'one on right', u'medium high', u'43-101', u'far', u'50 ft', u'14 ft 11 in', u'77447', u'12 hours 50 minutes', u'9:27', u'9:25', u'2 hours', u'9:21', u'9:20', u'small', u'1 minute', u'foreground', u'c 25', u'anza and 21st', u'190', u'193', u'zero', u'3 to 2', u'july 30 2012', u'39, 1', u'5001', u'5000', u'2 way traffic', u'6:36', u'1948', u'7905', u'900', u'1843', u'909', u'1946', u'2619', u'1902', u'850', u'8:28', u'6', u'8:20', u'8:22', u'8:23', u'8:24', u'8:25', u'8:26', u'8:27', u'100 feet', u'761-167', u'44019', u'velocidad 297 km/h', u'7006', u'32 and 4', u'3 inches', u'1:12', u'17:09', u'1:14', u'1:15', u'4:02', u'4:00', u'4:06', u'4:07', u'4:05', u'2299 south street', u'6:53', u'15 ft', u'6:50', u'6:57', u'6:56', u'30.6.2013', u'6:54', u'one in back', u'6:58', u'11:08', u'11:01', u'11:00', u'11:02', u'11:05', u'11:07', u'11:35', u'719', u'laugar', u'18:23', u'613', u'616', u'86628', u'short', u'3118', u'4/5', u'1306', u'25 dollman street nechells birmingham b7 4rq', u'8429', u'10:50', u'0:30', u'10:55', u'1.99', u'10:59', u'24', u'25', u'26', u'27', u'20', u'21', u'22', u'23', u'5:39', u'28', u'29', u'1229 002', u'evening', u'foot', u'9904', u'4131', u'27 febbraio 2010', u'1/4 mile', u'heavy', u'sam con 2012', u'16540', u'9:12', u'9:13', u'9:10', u'9:17', u'7', u'9:15', u'9:18', u'very tall', u'376003', u'3.00', u'399 yen', u'65745', u'896-4247', u'12th and 4th', u'56 cern', u'4:30', u'25 cents', u'white shirt', u'i believe in destiny and i think i know mine', u'12-12-12', u'0 to 3', u'1875', u'22:25', u'to florida ave', u'1 hundred', u'14:25', u'979', u'182', u'183', u'180', u'buy 1 get 1 free', u'189', u'$2/lb', u'1911', u'5100', u'$5', u'1917', u'862', u'2024', u'2026', u'8:32', u'0.97', u'8:30', u'8:35', u'12:28', u'10 feet', u'12:29', u'ave 57', u'1:05', u'12:26', u'1:01', u'1:00', u'1:03', u'5 inches', u'6:15', u'2 males, 2 females', u'5 stories tall', u'90 degrees', u'4:15', u'4:14', u'4:10', u'ice 3', u'3 wheeler', u'12:58', u'12:57', u'12:56', u'12:55', u'12:54', u'12:53', u'12:52', u'12:50', u'77', u'76', u'75', u'74', u'73', u'72', u'71', u'70', u'11:12', u'11:13', u'150 meters', u'11:11', u'11:17', u'79', u'11:15', u'08 10 2012', u'harley 1986', u'47854', u'2.00', u'right 1', u'1912', u'very deep', u'3 standing 2 sitting', u'8', u'8:13', u'w 25 1/2 st', u'4:6', u'10:43', u'10:40', u'3/4', u'10:44', u'10:45', u'1.80', u'10:49', u'0:00', u'5:20', u'5:25', u'7/30/2006', u'10/30/2009', u'66701', u'312', u'311', u'315', u'yellow 1', u'7 46', u'close', u'$1.00', u'1 year', u'recently', u'4 hours', u'1998-2008', u'$5.00', u'2 in front', u'roman', u'9:08', u'1.60', u'9:05', u'9:07', u'9:01', u'9:00', u'1.5 pounds', u'6-9', u'newborn', u'1 world', u'6 months', u'76 no', u'one love', u'24/04/2010', u'967', u'961', u'1:04', u'7:25', u'5\'5"', u'32', u'to interstate 94', u'5:03', u'2105', u'10000', u'2635', u'37', u'120 days', u'more than 1', u'8:04', u'1 oven', u'8:02', u'8:00', u'5 dollars', u'1:08', u'only 1 donut', u'maplewood fire station number 4', u'1:1', u'9', u'4846', u'1:3', u'896', u'yes, 3', u'yes, 2', u'1 ft', u'000', u'100000000', u'1 gallon', u'dec 28 2008', u'8912', u'33029', u'11:27', u'11:25', u'11:22', u'11:21', u'11:20', u'12:40', u'763', u'12:43', u'12:44', u'12:45', u'765', u'one world', u'1 stop', u'1955, 2012, 1985', u'no bus', u'april 2011', u'25/10/1999 09:47', u'4339', u'674', u'13:04', u'673', u'70 inch', u'paso 750', u'20 feet', u'40 years', u'for 2 people', u'30s', u'back', u'11/30/98', u'5:18', u'464.417', u'5:14', u'5:15', u'5:12', u'5:10', u'1257', u'1 mile', u'15:07', u'70 ft', u'309', u'300', u'303', u'5 feet', u'2/3', u'la 1406 fx', u'5 mph', u'ytl 434', u'front one', u'large bunch', u'165004', u'5 pounds', u'2 tons', u'40 feet', u'46-78', u'7 up', u'11:10', u'9.99', u'very long', u'long', u'1.50', u'78', u'0-0', u'0-3', u'7 foot', u"i'm having more fun than you", u'4:03 pm', u'89 cents', u'300 lbs', u'30 40', u'1st 1', u'765 48 74', u'2990', u'$150', u'donut king ii', u'658-7245', u'greenmount ii', u'over 100', u'1/4', u'3 months', u'22:03', u'22:02', u'50 years', u'1 way', u"can't see it", u'48 years old flowers do not look wilted', u'2642', u'401 e', u'8:10', u'0 feet', u'8:17', u'2002', u'2000', u'2001', u'2006', u'2007', u'32 inch', u'2008', u'2009', u'twice as tall', u'170 km/h', u'to 94', u'31 cents', u'very high', u'8158', u'baku cup 2013', u'87 and 28', u'mike miller 2011', u'young', u'8:09', u'11:30', u'11:33', u'garden', u'11:36', u'11:37', u'11:38', u'11:39', u'715', u'2 stories', u'12 inches', u'not shown', u'go one way', u'january 2010', u'14 hours', u'5306', u'.95', u'1 and 1', u'2.20', u'1664', u'little one', u'8235', u'599', u'1292008', u'3141', u'july 23, 1998', u'1406', u'1404', u'443', u'47760', u'440', u'446', u'11 pm', u'8691', u'5:08', u'39', u'38', u'33', u'5:00', u'31', u'30', u'5:05', u'36', u'35', u'34', u'642', u'xbox 360', u'339', u'2:44', u'2:45', u'2:46', u'3.00 per lb', u'2:40', u'1 inch', u'usa', u'i run with scissors', u'few', u'45 minutes', u'1/7', u'19:11', u'1/3', u'1/2', u'train', u'og 1101', u'baby', u'150', u'1.49', u'04-05', u'99 cents', u"i don't know", u'high', u'brown one', u'2:1', u'left 1', u'unable to determine', u'of 1678', u'2121', u'2125', u'947', u'945', u'30 minutes', u'4:28 pm', u'137', u'5\'9"', u'135', u'810479-4', u'09/03/08', u'2015', u'2014', u'2017', u'2016', u'2011', u'2010', u'2013', u'2012', u'8 foot', u'9068', u'smaller one', u'023', u'1:57', u'1:54', u'1:55', u'1:52', u'1:53', u'1:50', u'4:47', u'4:44', u'4:45', u'4:43', u'4:40', u'4:49', u'one in white', u'333-3333', u'0 mph', u'142053', u'12:14', u'3 bunches', u'709', u'147', u'i love portland', u'700', u'88', u'89', u'2:15', u'82', u'80', u'81', u'86', u'87', u'85', u'5317', u'2 allenby tce', u'no numbers', u'no, 1', u'2.50', u'no number', u'6 seconds', u'83 and 112', u'3825', u'16.7.2013', u'i love work', u'ancient', u'unknown', u'2 story', u'$3.50', u'1507', u'50 cents', u'bustard rd, forty foot rd', u'double decker', u'4:31', u'shallow', u'6 feet', u'2:57', u'2:55', u'2:54', u'2:51', u'2:50', u'2:59', u'7125', u'22339', u'92212', u'10-2', u'6 sq ft', u'7 eleven', u'753', u'1.1', u'one way', u'9:55', u'9:52', u'9:53', u'9:50', u'10:07', u'20 years', u'1.39', u'321', u'326', u'328', u'6 ft', u'1 ton', u'2533', u'8\'2"', u'46115', u'165026', u"feb 28 '09", u'96175', u'5 way', u'11 hours', u'73, 54', u'1 month', u'5pm', u'c 1', u'not possible', u'thousands', u'12"', u'20 cents', u'120', u'three twins', u'123', u'125', u'127', u'128', u'321413', u'300 mph', u'58872', u'.5 lbs', u'1:49', u'1:48', u'cx500', u'17:57', u'32 inches', u'1:40', u'1:42', u'1:45', u'8 feet', u'1:47', u'1:46', u'4:50', u'4:55', u'4:54', u'139002', u'first one', u'20 people', u'67015', u'2.49', u'84215', u'unclear', u'100 ft', u'570', u'7657', u'604-808-7225', u'1 3 5', u'fh 2949', u'312 victoria st darlinghurst', u'12/28/2008', u'almost half', u'8103', u'66526', u'one on left', u'24 hours', u'estate homes low $500s!', u'9867', u'boy in orange', u'8583', u'12:0', u'10 inches', u'20.7.2012', u'e and o', u'10:19', u'9:50 pm', u'e laurel st', u'blackbeard ii', u'1-9', u'25678', u'50:50', u'2:52 am', u'9:43', u'9:45', u'1954', u'i', u'4012', u'4015', u'4014', u'355', u'7507', u'353', u'7502', u'350', u'1 2 3 4 5', u'12 ft', u'2 different drinks', u'7:55', u'half', u'7:50', u'7:52', u'7:53', u'09/10/2008', u'x 8 81', u'4706', u'288', u'281', u'i k', u'5 eleven', u'261', u'266', u'265', u'17-35', u'07.07.2013', u'57601', u'987', u'115', u"can't tell", u'110', u'25 lbs', u'only 1', u'bathroom', u'047', u'041', u'middle aged', u'1 piece', u'33, 62, 35', u'70677', u'put there', u'almost 6 feet', u'5:36', u'504-309-6865', u'1987', u'1984', u'1985', u'1983', u'1980', u'746', u'3 ft', u'726', u'15:53', u'48', u'49', u'46', u'47', u'44', u'45', u'42', u'43', u'40', u'41', u'granite', u'cannot tell', u'e-820 cr ms 815 aj', u'15 minutes', u'1 in white', u'no 1', u'8000', u'604-909-7275', u'2 feet', u'four waiting lanes ahead', u'473', u'477', u'479', u'kai one', u'1369'])

============= DATASET NUMBERS AREA CONTAINS ERRORS TOO =======

>>> for i in val_answers:
...     if i["answer_type"] == "yes/no" :
...             k.append(i["multiple_choice_answer"])
... 
>>> k2 = set(k)
>>> k2
set([u'young person' 1, u'no' 39952 , u'maybe' 1 , u'cat' 1, u'0' 1, u'yes' 40585 ])
>>> 
 ===================== YES / NO still better ====================

 >>> z1 = 0
>>> z2 = 0
>>> z3 = 0
>>> for i in val_answers:
...     if i["answer_type"] == "answer_type" :
...             z1 = z1 + 1
...     if i["answer_type"] == "yes/no" :
...             z1 = z1 + 1
...     if i["answer_type"] == "number" :
...             z2 = z2 + 1
...     if i["answer_type"] == "other" :
...             z3 = z3 + 1
... 
>>> z1
80541
>>> z2
28134
>>> z3
105679
--- 12642 distinct words
===================================